{"example":[{"totalProcessed":7,"attritionInfo":[{"attritionLevel":{"contents":[1,"dummy"],"tag":"ExcludedBy"},"attritionCount":2},{"attritionLevel":{"tag":"Included"},"attritionCount":5}]},{"contents":{"cohortData":[["a",[5,true]],["b",[5,true]],["c",[10,false]],["d",[99,true]],["f",[86,true]]],"attributes":[{"name":"myVar1","type":"Count","attrs":{"getDerivation":"","getShortLabel":"somelabel","getPurpose":{"getRole":["Outcome"],"getTags":[]},"getLongLabel":"another label"}},{"name":"myVar2","type":"Bool","attrs":{"getDerivation":"","getShortLabel":"","getPurpose":{"getRole":[],"getTags":[]},"getLongLabel":""}}]},"tag":"RW"}]}