{"example":[{"attritionInfo":[{"attritionCount":2,"attritionLevel":{"contents":[1,"dummy"],"tag":"ExcludedBy"}},{"attritionCount":5,"attritionLevel":{"tag":"Included"}}],"totalProcessed":7},{"contents":{"attributes":[{"attrs":{"getDerivation":"","getLongLabel":"another label","getPurpose":{"getRole":["Outcome"],"getTags":[]},"getShortLabel":"somelabel"},"name":"myVar1","type":"Count"},{"attrs":{"getDerivation":"","getLongLabel":"","getPurpose":{"getRole":[],"getTags":[]},"getShortLabel":""},"name":"myVar2","type":"Bool"}],"cohortData":[["a",[5,true]],["b",[5,true]],["c",[10,false]],["d",[99,true]],["f",[86,true]]]},"tag":"RW"}]}