{"example":[{"attritionInfo":[[{"tag":"SubjectHasNoIndex"},0],[{"contents":[1,"dummy"],"tag":"ExcludedBy"},0],[{"tag":"Included"},6]],"totalUnitsProcessed":6,"totalSubjectsProcessed":6},{"contents":{"cohortData":[[["a",["2010-07-06","2010-07-07"]],[5,true]],[["b",["2010-07-06","2010-07-07"]],[5,true]],[["d",["2010-07-06","2010-07-07"]],[5,true]],[["e",["2010-07-06","2010-07-07"]],[5,true]],[["f",["2010-07-06","2010-07-07"]],[5,true]],[["g",["2010-07-06","2010-07-07"]],[5,true]]],"attributes":[{"name":"myVar1","type":"Count","attrs":{"getShortLabel":"somelabel","getPurpose":{"getRole":["Outcome"],"getTags":[]},"getLongLabel":"another label","getDerivation":""}},{"name":"myVar2","type":"Bool","attrs":{"getShortLabel":"","getPurpose":{"getRole":[],"getTags":[]},"getLongLabel":"","getDerivation":""}}]},"tag":"RW"}]}