{"example":[{"totalProcessed":2,"attritionInfo":[{"attritionLevel":{"tag":"SubjectHasNoIndex"},"attritionCount":0},{"attritionLevel":{"contents":[1,"dummy"],"tag":"ExcludedBy"},"attritionCount":0},{"attritionLevel":{"tag":"Included"},"attritionCount":2}]},{"contents":{"cohortData":[[5,5],[true,true]],"attributes":[{"name":"myVar1","type":"Count","attrs":{"getDerivation":"","getShortLabel":"somelabel","getPurpose":{"getRole":["Outcome"],"getTags":[]},"getLongLabel":"another label"}},{"name":"myVar2","type":"Bool","attrs":{"getDerivation":"","getShortLabel":"","getPurpose":{"getRole":[],"getTags":[]},"getLongLabel":""}}],"ids":[["a",1],["b",1]]},"tag":"CW"}]}