{"example":[{"attritionInfo":[{"attritionCount":0,"attritionLevel":{"tag":"SubjectHasNoIndex"}},{"attritionCount":0,"attritionLevel":{"contents":[1,"dummy"],"tag":"ExcludedBy"}},{"attritionCount":2,"attritionLevel":{"tag":"Included"}}],"totalProcessed":2},{"contents":{"attributes":[{"attrs":{"getDerivation":"","getLongLabel":"another label","getPurpose":{"getRole":["Outcome"],"getTags":[]},"getShortLabel":"somelabel"},"name":"myVar1","type":"Count"},{"attrs":{"getDerivation":"","getLongLabel":"","getPurpose":{"getRole":[],"getTags":[]},"getShortLabel":""},"name":"myVar2","type":"Bool"}],"cohortData":[[["a",1],[5,true]],[["b",1],[5,true]]]},"tag":"RW"}]}