"[{\"time\":[[0,4],{\"getConcepts\":\"home\",\"getFacts\":{\"contents\":\"is_funny\",\"tag\":\"NotAwesome\"}}],\"reason\":\"after\"},{\"time\":[[1,10],{\"getConcepts\":\"not home\",\"getFacts\":{\"tag\":\"Awesome\"}}],\"reason\":\"after\"},{\"time\":[[0,20],{\"getConcepts\":\"home\",\"getFacts\":{\"tag\":\"Awesome\"}}],\"reason\":\"after\"}]"